// Jest Snapshot v1, https://goo.gl/fbAQLP

exports[`Pruebas en nuestro <HookApp/> Se debe ver el componente 1`] = `
<div>
  <h1>
    Hola mundo
  </h1>
</div>
`;
